// Jest Snapshot v1, https://goo.gl/fbAQLP

exports[`Test on Entry Component must be equal to the snapshot 1`] = `
<div class="entry-container mb-3 pointer p-2">
  <div class="entry-title d-flex"><span class="text-success fs-5 fw-bold">26</span><span class="mx-1 fs-5">Marzo</span><span class="mx-2 fw-light">2023, Domingo</span></div>
  <div class="entry-description">I'm learning vue with Fernando Herrera</div>
</div>
`;
