// Jest Snapshot v1, https://goo.gl/fbAQLP

exports[`Test in the EntryList must call the entriesByTerm and show two entries 1`] = `
<div class="entry-list-container">
  <div class="px-2 pt-2"><input type="text" placeholder="Search Entry" class="form-control"></div>
  <div class="mt-2 d-flex flex-column"><button class="btn btn-primary mx-3"><i class="fa fa-plus-circle"></i> New Entry </button></div>
  <div class="entry-scrollarea">
    <entry-stub entry="[object Object]"></entry-stub>
    <entry-stub entry="[object Object]"></entry-stub>
  </div>
</div>
`;
